

-- OK --
changer msg erreur si joueur bord de map (ERR_NB_PLAYER --> ERR_PLAYER_POS)
~~changer msg erreurs droits map
erreur F in file
without ------------
weapon name missing
leaks couleurs int trop grand
leaks \n in rgb
erreurs virgules couleurs gnl
erreurs textures NONO, FFF
erreurs xpm leaks .xp
leaks main.c as xpm
erreurs leaks droits textures
without %
plusieurs meme texture (ex: 2x SO)
Leaks droits sprites
